C51 COMPILER V9.54   BEEP                                                                  12/15/2024 18:13:39 PAGE 1   


C51 COMPILER V9.54, COMPILATION OF MODULE BEEP
OBJECT MODULE PLACED IN .\output\beep.obj
COMPILER INVOKED BY: C:\Keil_v5\C51\BIN\C51.EXE Hardware\beep.c OPTIMIZE(8,SPEED) BROWSE INCDIR(.\AD_IIC;.\user;.\lcd128
                    -64;.\Segment;.\output;.\uart;.\Hardware) DEBUG OBJECTEXTEND PRINT(.\beep.lst) TABS(2) OBJECT(.\output\beep.obj)

line level    source

   1          #include "stdio.h"
   2          #include <reg52.h>
   3          #include "segments.h"
   4          sbit beep=P1^5; 
   5          //void beep_1(int limit) {
   6          //    while(1) {
   7          //        if (limit > 5) {
   8          //            beep = 1; // 打开蜂鸣器
   9          //            Delay(1); // 延时大约1ms
  10          //            beep = 0; // 关闭蜂鸣器
  11          //            Delay(1);
  12          //        } else if (limit < 2) {
  13          //            beep = 1; 
  14          //            Delay(6); 
  15          //            beep = 0; 
  16          //            Delay(6);
  17          //        }
  18          //        // 这里可能需要一个退出条件
  19          //    }
  20          //}
  21          unsigned char H_limit = 45; //上限初始值
  22          unsigned char L_limit = 10; //下限初始值
  23          
  24          
  25          void beep_1(int limit) {
  26   1           int ad = 100;
  27   1             while(ad>0)
  28   1            {
  29   2              if (limit > H_limit) {
  30   3                  beep = 1; // 打开蜂鸣器
  31   3                  Delay(1); // 延时大约1ms
  32   3                  beep = 0; // 关闭蜂鸣器
  33   3                  Delay(1);
  34   3              } else if (limit < L_limit) {
  35   3                  beep = 1; 
  36   3                  Delay(1); 
  37   3                  beep = 0; 
  38   3                  Delay(1);
  39   3              }
  40   2              ad--;
  41   2              // 这里可能需要一个退出条件
  42   2            }
  43   1      }
  44          void beep_2(int limit) {
  45   1           int ad = 49;
  46   1             while(ad>0)
  47   1            {
  48   2              if (limit > H_limit) 
  49   2              {
  50   3                  beep = 1; 
  51   3                  Delay(6); 
  52   3                  beep = 0; 
  53   3                  Delay(6);
  54   3              }
C51 COMPILER V9.54   BEEP                                                                  12/15/2024 18:13:39 PAGE 2   

  55   2               else if (limit < L_limit) 
  56   2              {
  57   3                  beep = 1; 
  58   3                  Delay(6); 
  59   3                  beep = 0; 
  60   3                  Delay(6);
  61   3              }
  62   2              ad--;
  63   2              // 这里可能需要一个退出条件
  64   2            }
  65   1      }


MODULE INFORMATION:   STATIC OVERLAYABLE
   CODE SIZE        =    156    ----
   CONSTANT SIZE    =   ----    ----
   XDATA SIZE       =   ----    ----
   PDATA SIZE       =   ----    ----
   DATA SIZE        =      2       8
   IDATA SIZE       =   ----    ----
   BIT SIZE         =   ----    ----
END OF MODULE INFORMATION.


C51 COMPILATION COMPLETE.  0 WARNING(S),  0 ERROR(S)
